2025-05-29 08:19:36,060 WARN  [restartedMain] o.s.b.a.o.j.JpaBaseConfiguration$JpaWebConfiguration: spring.jpa.open-in-view is enabled by default. Therefore, database queries may be performed during view rendering. Explicitly configure spring.jpa.open-in-view to disable this warning
2025-05-29 08:19:36,211 WARN  [restartedMain] o.s.s.c.a.a.c.InitializeUserDetailsBeanManagerConfigurer$InitializeUserDetailsManagerConfigurer: Global AuthenticationManager configured with an AuthenticationProvider bean. UserDetailsService beans will not be used for username/password login. Consider removing the AuthenticationProvider bean. Alternatively, consider using the UserDetailsService in a manually instantiated DaoAuthenticationProvider.
2025-05-29 08:24:03,868 INFO  [https-jsse-nio-8443-exec-6] o.s.p.c.LoginAttemptFilter: Login attempt from IP: 0:0:0:0:0:0:0:1 for username: nguyenphanminhtri612004@gmail.com at 2025-05-29T08:24:03.868838400
2025-05-29 08:25:09,983 INFO  [https-jsse-nio-8443-exec-4] o.s.p.c.LoginAttemptFilter: Login attempt from IP: 0:0:0:0:0:0:0:1 for username: a@gmail.com at 2025-05-29T08:25:09.983569400
2025-05-29 08:25:10,108 WARN  [https-jsse-nio-8443-exec-4] o.s.p.c.CustomAuthenticationFailureHandler: Failed login attempt - IP: 0:0:0:0:0:0:0:1, Username: a@gmail.com, Reason: User not found, Time: 2025-05-29T08:25:10.108925100
2025-05-29 08:25:18,619 INFO  [https-jsse-nio-8443-exec-8] o.s.p.c.LoginAttemptFilter: Login attempt from IP: 0:0:0:0:0:0:0:1 for username: a@gmail.com at 2025-05-29T08:25:18.619246600
2025-05-29 08:25:18,724 WARN  [https-jsse-nio-8443-exec-8] o.s.p.c.CustomAuthenticationFailureHandler: Failed login attempt - IP: 0:0:0:0:0:0:0:1, Username: a@gmail.com, Reason: User not found, Time: 2025-05-29T08:25:18.724586
2025-05-29 08:25:23,331 INFO  [https-jsse-nio-8443-exec-2] o.s.p.c.LoginAttemptFilter: Login attempt from IP: 0:0:0:0:0:0:0:1 for username: a@gmail.com at 2025-05-29T08:25:23.331897800
2025-05-29 08:25:23,464 WARN  [https-jsse-nio-8443-exec-2] o.s.p.c.CustomAuthenticationFailureHandler: Failed login attempt - IP: 0:0:0:0:0:0:0:1, Username: a@gmail.com, Reason: User not found, Time: 2025-05-29T08:25:23.464222600
2025-05-29 08:32:13,198 WARN  [restartedMain] o.s.b.a.o.j.JpaBaseConfiguration$JpaWebConfiguration: spring.jpa.open-in-view is enabled by default. Therefore, database queries may be performed during view rendering. Explicitly configure spring.jpa.open-in-view to disable this warning
2025-05-29 08:32:13,242 WARN  [restartedMain] o.s.s.c.a.a.c.InitializeUserDetailsBeanManagerConfigurer$InitializeUserDetailsManagerConfigurer: Global AuthenticationManager configured with an AuthenticationProvider bean. UserDetailsService beans will not be used for username/password login. Consider removing the AuthenticationProvider bean. Alternatively, consider using the UserDetailsService in a manually instantiated DaoAuthenticationProvider.
2025-05-29 08:32:22,424 ERROR [https-jsse-nio-8443-exec-2] o.a.j.l.DirectJDKLog: Servlet.service() for servlet [dispatcherServlet] in context with path [] threw exception
org.springframework.dao.DuplicateKeyException: PreparedStatementCallback; SQL [INSERT INTO SPRING_SESSION_ATTRIBUTES (SESSION_PRIMARY_ID, ATTRIBUTE_NAME, ATTRIBUTE_BYTES)
VALUES (?, ?, ?)
]; Duplicate entry '1fcbe184-6e56-46a5-bc0e-fc65d3aec89f-org.springframework.securit' for key 'SPRING_SESSION_ATTRIBUTES.PRIMARY'
	at org.springframework.jdbc.support.SQLErrorCodeSQLExceptionTranslator.doTranslate(SQLErrorCodeSQLExceptionTranslator.java:254)
	at org.springframework.jdbc.support.AbstractFallbackSQLExceptionTranslator.translate(AbstractFallbackSQLExceptionTranslator.java:107)
	at org.springframework.jdbc.core.JdbcTemplate.translateException(JdbcTemplate.java:1548)
	at org.springframework.jdbc.core.JdbcTemplate.execute(JdbcTemplate.java:677)
	at org.springframework.jdbc.core.JdbcTemplate.update(JdbcTemplate.java:970)
	at org.springframework.jdbc.core.JdbcTemplate.update(JdbcTemplate.java:1014)
	at org.springframework.session.jdbc.JdbcIndexedSessionRepository.insertSessionAttributes(JdbcIndexedSessionRepository.java:565)
	at org.springframework.session.jdbc.JdbcIndexedSessionRepository$JdbcSession.lambda$save$11(JdbcIndexedSessionRepository.java:930)
	at org.springframework.transaction.support.TransactionOperations.lambda$executeWithoutResult$0(TransactionOperations.java:68)
	at org.springframework.transaction.support.TransactionTemplate.execute(TransactionTemplate.java:140)
	at org.springframework.transaction.support.TransactionOperations.executeWithoutResult(TransactionOperations.java:67)
	at org.springframework.session.jdbc.JdbcIndexedSessionRepository$JdbcSession.save(JdbcIndexedSessionRepository.java:910)
	at org.springframework.session.jdbc.JdbcIndexedSessionRepository.save(JdbcIndexedSessionRepository.java:477)
	at org.springframework.session.jdbc.JdbcIndexedSessionRepository.save(JdbcIndexedSessionRepository.java:141)
	at org.springframework.session.web.http.SessionRepositoryFilter$SessionRepositoryRequestWrapper.commitSession(SessionRepositoryFilter.java:229)
	at org.springframework.session.web.http.SessionRepositoryFilter.doFilterInternal(SessionRepositoryFilter.java:145)
	at org.springframework.session.web.http.OncePerRequestFilter.doFilter(OncePerRequestFilter.java:82)
	at org.springframework.web.filter.DelegatingFilterProxy.invokeDelegate(DelegatingFilterProxy.java:352)
	at org.springframework.web.filter.DelegatingFilterProxy.doFilter(DelegatingFilterProxy.java:268)
	at org.apache.catalina.core.ApplicationFilterChain.internalDoFilter(ApplicationFilterChain.java:164)
	at org.apache.catalina.core.ApplicationFilterChain.doFilter(ApplicationFilterChain.java:140)
	at org.springframework.web.filter.CharacterEncodingFilter.doFilterInternal(CharacterEncodingFilter.java:201)
	at org.springframework.web.filter.OncePerRequestFilter.doFilter(OncePerRequestFilter.java:116)
	at org.apache.catalina.core.ApplicationFilterChain.internalDoFilter(ApplicationFilterChain.java:164)
	at org.apache.catalina.core.ApplicationFilterChain.doFilter(ApplicationFilterChain.java:140)
	at org.apache.catalina.core.StandardWrapperValve.invoke(StandardWrapperValve.java:167)
	at org.apache.catalina.core.StandardContextValve.invoke(StandardContextValve.java:90)
	at org.apache.catalina.authenticator.AuthenticatorBase.invoke(AuthenticatorBase.java:483)
	at org.apache.catalina.core.StandardHostValve.invoke(StandardHostValve.java:115)
	at org.apache.catalina.valves.ErrorReportValve.invoke(ErrorReportValve.java:93)
	at org.apache.catalina.core.StandardEngineValve.invoke(StandardEngineValve.java:74)
	at org.apache.catalina.connector.CoyoteAdapter.service(CoyoteAdapter.java:344)
	at org.apache.coyote.http11.Http11Processor.service(Http11Processor.java:384)
	at org.apache.coyote.AbstractProcessorLight.process(AbstractProcessorLight.java:63)
	at org.apache.coyote.AbstractProtocol$ConnectionHandler.process(AbstractProtocol.java:905)
	at org.apache.tomcat.util.net.NioEndpoint$SocketProcessor.doRun(NioEndpoint.java:1741)
	at org.apache.tomcat.util.net.SocketProcessorBase.run(SocketProcessorBase.java:52)
	at org.apache.tomcat.util.threads.ThreadPoolExecutor.runWorker(ThreadPoolExecutor.java:1190)
	at org.apache.tomcat.util.threads.ThreadPoolExecutor$Worker.run(ThreadPoolExecutor.java:659)
	at org.apache.tomcat.util.threads.TaskThread$WrappingRunnable.run(TaskThread.java:63)
	at java.base/java.lang.Thread.run(Thread.java:1575)
Caused by: java.sql.SQLIntegrityConstraintViolationException: Duplicate entry '1fcbe184-6e56-46a5-bc0e-fc65d3aec89f-org.springframework.securit' for key 'SPRING_SESSION_ATTRIBUTES.PRIMARY'
	at com.mysql.cj.jdbc.exceptions.SQLError.createSQLException(SQLError.java:118)
	at com.mysql.cj.jdbc.exceptions.SQLExceptionsMapping.translateException(SQLExceptionsMapping.java:122)
	at com.mysql.cj.jdbc.ClientPreparedStatement.executeInternal(ClientPreparedStatement.java:912)
	at com.mysql.cj.jdbc.ClientPreparedStatement.executeUpdateInternal(ClientPreparedStatement.java:1054)
	at com.mysql.cj.jdbc.ClientPreparedStatement.executeUpdateInternal(ClientPreparedStatement.java:1003)
	at com.mysql.cj.jdbc.ClientPreparedStatement.executeLargeUpdate(ClientPreparedStatement.java:1312)
	at com.mysql.cj.jdbc.ClientPreparedStatement.executeUpdate(ClientPreparedStatement.java:988)
	at com.zaxxer.hikari.pool.ProxyPreparedStatement.executeUpdate(ProxyPreparedStatement.java:61)
	at com.zaxxer.hikari.pool.HikariProxyPreparedStatement.executeUpdate(HikariProxyPreparedStatement.java)
	at org.springframework.jdbc.core.JdbcTemplate.lambda$update$2(JdbcTemplate.java:975)
	at org.springframework.jdbc.core.JdbcTemplate.execute(JdbcTemplate.java:658)
	... 37 common frames omitted
2025-05-29 08:32:22,490 ERROR [https-jsse-nio-8443-exec-2] o.a.j.l.DirectJDKLog: Servlet.service() for servlet [dispatcherServlet] threw exception
org.springframework.dao.DuplicateKeyException: PreparedStatementCallback; SQL [INSERT INTO SPRING_SESSION_ATTRIBUTES (SESSION_PRIMARY_ID, ATTRIBUTE_NAME, ATTRIBUTE_BYTES)
VALUES (?, ?, ?)
]; Duplicate entry '1fcbe184-6e56-46a5-bc0e-fc65d3aec89f-org.springframework.securit' for key 'SPRING_SESSION_ATTRIBUTES.PRIMARY'
	at org.springframework.jdbc.support.SQLErrorCodeSQLExceptionTranslator.doTranslate(SQLErrorCodeSQLExceptionTranslator.java:254)
	at org.springframework.jdbc.support.AbstractFallbackSQLExceptionTranslator.translate(AbstractFallbackSQLExceptionTranslator.java:107)
	at org.springframework.jdbc.core.JdbcTemplate.translateException(JdbcTemplate.java:1548)
	at org.springframework.jdbc.core.JdbcTemplate.execute(JdbcTemplate.java:677)
	at org.springframework.jdbc.core.JdbcTemplate.update(JdbcTemplate.java:970)
	at org.springframework.jdbc.core.JdbcTemplate.update(JdbcTemplate.java:1014)
	at org.springframework.session.jdbc.JdbcIndexedSessionRepository.insertSessionAttributes(JdbcIndexedSessionRepository.java:565)
	at org.springframework.session.jdbc.JdbcIndexedSessionRepository$JdbcSession.lambda$save$11(JdbcIndexedSessionRepository.java:930)
	at org.springframework.transaction.support.TransactionOperations.lambda$executeWithoutResult$0(TransactionOperations.java:68)
	at org.springframework.transaction.support.TransactionTemplate.execute(TransactionTemplate.java:140)
	at org.springframework.transaction.support.TransactionOperations.executeWithoutResult(TransactionOperations.java:67)
	at org.springframework.session.jdbc.JdbcIndexedSessionRepository$JdbcSession.save(JdbcIndexedSessionRepository.java:910)
	at org.springframework.session.jdbc.JdbcIndexedSessionRepository.save(JdbcIndexedSessionRepository.java:477)
	at org.springframework.session.jdbc.JdbcIndexedSessionRepository.save(JdbcIndexedSessionRepository.java:141)
	at org.springframework.session.web.http.SessionRepositoryFilter$SessionRepositoryRequestWrapper.commitSession(SessionRepositoryFilter.java:229)
	at org.springframework.session.web.http.SessionRepositoryFilter.doFilterInternal(SessionRepositoryFilter.java:145)
	at org.springframework.session.web.http.OncePerRequestFilter.doFilter(OncePerRequestFilter.java:82)
	at org.springframework.web.filter.DelegatingFilterProxy.invokeDelegate(DelegatingFilterProxy.java:352)
	at org.springframework.web.filter.DelegatingFilterProxy.doFilter(DelegatingFilterProxy.java:268)
	at org.apache.catalina.core.ApplicationFilterChain.internalDoFilter(ApplicationFilterChain.java:164)
	at org.apache.catalina.core.ApplicationFilterChain.doFilter(ApplicationFilterChain.java:140)
	at org.springframework.web.filter.OncePerRequestFilter.doFilter(OncePerRequestFilter.java:101)
	at org.apache.catalina.core.ApplicationFilterChain.internalDoFilter(ApplicationFilterChain.java:164)
	at org.apache.catalina.core.ApplicationFilterChain.doFilter(ApplicationFilterChain.java:140)
	at org.apache.catalina.core.ApplicationDispatcher.invoke(ApplicationDispatcher.java:632)
	at org.apache.catalina.core.ApplicationDispatcher.processRequest(ApplicationDispatcher.java:410)
	at org.apache.catalina.core.ApplicationDispatcher.doForward(ApplicationDispatcher.java:330)
	at org.apache.catalina.core.ApplicationDispatcher.forward(ApplicationDispatcher.java:267)
	at org.apache.catalina.core.StandardHostValve.custom(StandardHostValve.java:362)
	at org.apache.catalina.core.StandardHostValve.status(StandardHostValve.java:222)
	at org.apache.catalina.core.StandardHostValve.throwable(StandardHostValve.java:308)
	at org.apache.catalina.core.StandardHostValve.invoke(StandardHostValve.java:149)
	at org.apache.catalina.valves.ErrorReportValve.invoke(ErrorReportValve.java:93)
	at org.apache.catalina.core.StandardEngineValve.invoke(StandardEngineValve.java:74)
	at org.apache.catalina.connector.CoyoteAdapter.service(CoyoteAdapter.java:344)
	at org.apache.coyote.http11.Http11Processor.service(Http11Processor.java:384)
	at org.apache.coyote.AbstractProcessorLight.process(AbstractProcessorLight.java:63)
	at org.apache.coyote.AbstractProtocol$ConnectionHandler.process(AbstractProtocol.java:905)
	at org.apache.tomcat.util.net.NioEndpoint$SocketProcessor.doRun(NioEndpoint.java:1741)
	at org.apache.tomcat.util.net.SocketProcessorBase.run(SocketProcessorBase.java:52)
	at org.apache.tomcat.util.threads.ThreadPoolExecutor.runWorker(ThreadPoolExecutor.java:1190)
	at org.apache.tomcat.util.threads.ThreadPoolExecutor$Worker.run(ThreadPoolExecutor.java:659)
	at org.apache.tomcat.util.threads.TaskThread$WrappingRunnable.run(TaskThread.java:63)
	at java.base/java.lang.Thread.run(Thread.java:1575)
Caused by: java.sql.SQLIntegrityConstraintViolationException: Duplicate entry '1fcbe184-6e56-46a5-bc0e-fc65d3aec89f-org.springframework.securit' for key 'SPRING_SESSION_ATTRIBUTES.PRIMARY'
	at com.mysql.cj.jdbc.exceptions.SQLError.createSQLException(SQLError.java:118)
	at com.mysql.cj.jdbc.exceptions.SQLExceptionsMapping.translateException(SQLExceptionsMapping.java:122)
	at com.mysql.cj.jdbc.ClientPreparedStatement.executeInternal(ClientPreparedStatement.java:912)
	at com.mysql.cj.jdbc.ClientPreparedStatement.executeUpdateInternal(ClientPreparedStatement.java:1054)
	at com.mysql.cj.jdbc.ClientPreparedStatement.executeUpdateInternal(ClientPreparedStatement.java:1003)
	at com.mysql.cj.jdbc.ClientPreparedStatement.executeLargeUpdate(ClientPreparedStatement.java:1312)
	at com.mysql.cj.jdbc.ClientPreparedStatement.executeUpdate(ClientPreparedStatement.java:988)
	at com.zaxxer.hikari.pool.ProxyPreparedStatement.executeUpdate(ProxyPreparedStatement.java:61)
	at com.zaxxer.hikari.pool.HikariProxyPreparedStatement.executeUpdate(HikariProxyPreparedStatement.java)
	at org.springframework.jdbc.core.JdbcTemplate.lambda$update$2(JdbcTemplate.java:975)
	at org.springframework.jdbc.core.JdbcTemplate.execute(JdbcTemplate.java:658)
	... 40 common frames omitted
2025-05-29 08:32:22,492 ERROR [https-jsse-nio-8443-exec-2] o.a.j.l.DirectJDKLog: Exception Processing [ErrorPage[errorCode=0, location=/error]]
org.springframework.dao.DuplicateKeyException: PreparedStatementCallback; SQL [INSERT INTO SPRING_SESSION_ATTRIBUTES (SESSION_PRIMARY_ID, ATTRIBUTE_NAME, ATTRIBUTE_BYTES)
VALUES (?, ?, ?)
]; Duplicate entry '1fcbe184-6e56-46a5-bc0e-fc65d3aec89f-org.springframework.securit' for key 'SPRING_SESSION_ATTRIBUTES.PRIMARY'
	at org.springframework.jdbc.support.SQLErrorCodeSQLExceptionTranslator.doTranslate(SQLErrorCodeSQLExceptionTranslator.java:254)
	at org.springframework.jdbc.support.AbstractFallbackSQLExceptionTranslator.translate(AbstractFallbackSQLExceptionTranslator.java:107)
	at org.springframework.jdbc.core.JdbcTemplate.translateException(JdbcTemplate.java:1548)
	at org.springframework.jdbc.core.JdbcTemplate.execute(JdbcTemplate.java:677)
	at org.springframework.jdbc.core.JdbcTemplate.update(JdbcTemplate.java:970)
	at org.springframework.jdbc.core.JdbcTemplate.update(JdbcTemplate.java:1014)
	at org.springframework.session.jdbc.JdbcIndexedSessionRepository.insertSessionAttributes(JdbcIndexedSessionRepository.java:565)
	at org.springframework.session.jdbc.JdbcIndexedSessionRepository$JdbcSession.lambda$save$11(JdbcIndexedSessionRepository.java:930)
	at org.springframework.transaction.support.TransactionOperations.lambda$executeWithoutResult$0(TransactionOperations.java:68)
	at org.springframework.transaction.support.TransactionTemplate.execute(TransactionTemplate.java:140)
	at org.springframework.transaction.support.TransactionOperations.executeWithoutResult(TransactionOperations.java:67)
	at org.springframework.session.jdbc.JdbcIndexedSessionRepository$JdbcSession.save(JdbcIndexedSessionRepository.java:910)
	at org.springframework.session.jdbc.JdbcIndexedSessionRepository.save(JdbcIndexedSessionRepository.java:477)
	at org.springframework.session.jdbc.JdbcIndexedSessionRepository.save(JdbcIndexedSessionRepository.java:141)
	at org.springframework.session.web.http.SessionRepositoryFilter$SessionRepositoryRequestWrapper.commitSession(SessionRepositoryFilter.java:229)
	at org.springframework.session.web.http.SessionRepositoryFilter.doFilterInternal(SessionRepositoryFilter.java:145)
	at org.springframework.session.web.http.OncePerRequestFilter.doFilter(OncePerRequestFilter.java:82)
	at org.springframework.web.filter.DelegatingFilterProxy.invokeDelegate(DelegatingFilterProxy.java:352)
	at org.springframework.web.filter.DelegatingFilterProxy.doFilter(DelegatingFilterProxy.java:268)
	at org.apache.catalina.core.ApplicationFilterChain.internalDoFilter(ApplicationFilterChain.java:164)
	at org.apache.catalina.core.ApplicationFilterChain.doFilter(ApplicationFilterChain.java:140)
	at org.springframework.web.filter.OncePerRequestFilter.doFilter(OncePerRequestFilter.java:101)
	at org.apache.catalina.core.ApplicationFilterChain.internalDoFilter(ApplicationFilterChain.java:164)
	at org.apache.catalina.core.ApplicationFilterChain.doFilter(ApplicationFilterChain.java:140)
	at org.apache.catalina.core.ApplicationDispatcher.invoke(ApplicationDispatcher.java:632)
	at org.apache.catalina.core.ApplicationDispatcher.processRequest(ApplicationDispatcher.java:410)
	at org.apache.catalina.core.ApplicationDispatcher.doForward(ApplicationDispatcher.java:330)
	at org.apache.catalina.core.ApplicationDispatcher.forward(ApplicationDispatcher.java:267)
	at org.apache.catalina.core.StandardHostValve.custom(StandardHostValve.java:362)
	at org.apache.catalina.core.StandardHostValve.status(StandardHostValve.java:222)
	at org.apache.catalina.core.StandardHostValve.throwable(StandardHostValve.java:308)
	at org.apache.catalina.core.StandardHostValve.invoke(StandardHostValve.java:149)
	at org.apache.catalina.valves.ErrorReportValve.invoke(ErrorReportValve.java:93)
	at org.apache.catalina.core.StandardEngineValve.invoke(StandardEngineValve.java:74)
	at org.apache.catalina.connector.CoyoteAdapter.service(CoyoteAdapter.java:344)
	at org.apache.coyote.http11.Http11Processor.service(Http11Processor.java:384)
	at org.apache.coyote.AbstractProcessorLight.process(AbstractProcessorLight.java:63)
	at org.apache.coyote.AbstractProtocol$ConnectionHandler.process(AbstractProtocol.java:905)
	at org.apache.tomcat.util.net.NioEndpoint$SocketProcessor.doRun(NioEndpoint.java:1741)
	at org.apache.tomcat.util.net.SocketProcessorBase.run(SocketProcessorBase.java:52)
	at org.apache.tomcat.util.threads.ThreadPoolExecutor.runWorker(ThreadPoolExecutor.java:1190)
	at org.apache.tomcat.util.threads.ThreadPoolExecutor$Worker.run(ThreadPoolExecutor.java:659)
	at org.apache.tomcat.util.threads.TaskThread$WrappingRunnable.run(TaskThread.java:63)
	at java.base/java.lang.Thread.run(Thread.java:1575)
Caused by: java.sql.SQLIntegrityConstraintViolationException: Duplicate entry '1fcbe184-6e56-46a5-bc0e-fc65d3aec89f-org.springframework.securit' for key 'SPRING_SESSION_ATTRIBUTES.PRIMARY'
	at com.mysql.cj.jdbc.exceptions.SQLError.createSQLException(SQLError.java:118)
	at com.mysql.cj.jdbc.exceptions.SQLExceptionsMapping.translateException(SQLExceptionsMapping.java:122)
	at com.mysql.cj.jdbc.ClientPreparedStatement.executeInternal(ClientPreparedStatement.java:912)
	at com.mysql.cj.jdbc.ClientPreparedStatement.executeUpdateInternal(ClientPreparedStatement.java:1054)
	at com.mysql.cj.jdbc.ClientPreparedStatement.executeUpdateInternal(ClientPreparedStatement.java:1003)
	at com.mysql.cj.jdbc.ClientPreparedStatement.executeLargeUpdate(ClientPreparedStatement.java:1312)
	at com.mysql.cj.jdbc.ClientPreparedStatement.executeUpdate(ClientPreparedStatement.java:988)
	at com.zaxxer.hikari.pool.ProxyPreparedStatement.executeUpdate(ProxyPreparedStatement.java:61)
	at com.zaxxer.hikari.pool.HikariProxyPreparedStatement.executeUpdate(HikariProxyPreparedStatement.java)
	at org.springframework.jdbc.core.JdbcTemplate.lambda$update$2(JdbcTemplate.java:975)
	at org.springframework.jdbc.core.JdbcTemplate.execute(JdbcTemplate.java:658)
	... 40 common frames omitted
2025-05-29 08:32:35,946 INFO  [https-jsse-nio-8443-exec-9] o.s.p.c.LoginAttemptFilter: Login attempt from IP: 0:0:0:0:0:0:0:1 for username: a@gmail.com at 2025-05-29T08:32:35.946898200
2025-05-29 08:32:36,632 WARN  [https-jsse-nio-8443-exec-9] o.s.p.c.CustomAuthenticationFailureHandler: Failed login attempt - IP: 0:0:0:0:0:0:0:1, Username: a@gmail.com, Reason: User not found, Time: 2025-05-29T08:32:36.632767300
2025-05-29 08:32:42,230 INFO  [https-jsse-nio-8443-exec-8] o.s.p.c.LoginAttemptFilter: Login attempt from IP: 0:0:0:0:0:0:0:1 for username: a@gmail.com at 2025-05-29T08:32:42.230131100
2025-05-29 08:32:42,545 WARN  [https-jsse-nio-8443-exec-8] o.s.p.c.CustomAuthenticationFailureHandler: Failed login attempt - IP: 0:0:0:0:0:0:0:1, Username: a@gmail.com, Reason: User not found, Time: 2025-05-29T08:32:42.545811500
2025-05-29 08:32:48,527 INFO  [https-jsse-nio-8443-exec-1] o.s.p.c.LoginAttemptFilter: Login attempt from IP: 0:0:0:0:0:0:0:1 for username: a@gmail.com at 2025-05-29T08:32:48.527787400
2025-05-29 08:32:48,856 WARN  [https-jsse-nio-8443-exec-1] o.s.p.c.CustomAuthenticationFailureHandler: Failed login attempt - IP: 0:0:0:0:0:0:0:1, Username: a@gmail.com, Reason: User not found, Time: 2025-05-29T08:32:48.856553200
2025-05-29 08:33:28,736 INFO  [https-jsse-nio-8443-exec-9] o.s.p.c.LoginAttemptFilter: Login attempt from IP: 0:0:0:0:0:0:0:1 for username: a@gmail.com at 2025-05-29T08:33:28.736581700
2025-05-29 08:33:29,043 WARN  [https-jsse-nio-8443-exec-9] o.s.p.c.CustomAuthenticationFailureHandler: Failed login attempt - IP: 0:0:0:0:0:0:0:1, Username: a@gmail.com, Reason: User not found, Time: 2025-05-29T08:33:29.043726
2025-05-29 08:33:38,286 INFO  [https-jsse-nio-8443-exec-8] o.s.p.c.LoginAttemptFilter: Login attempt from IP: 0:0:0:0:0:0:0:1 for username: a@gmail.com at 2025-05-29T08:33:38.286476900
2025-05-29 08:33:38,616 WARN  [https-jsse-nio-8443-exec-8] o.s.p.c.CustomAuthenticationFailureHandler: Failed login attempt - IP: 0:0:0:0:0:0:0:1, Username: a@gmail.com, Reason: User not found, Time: 2025-05-29T08:33:38.616256100
2025-05-29 08:33:38,787 ERROR [https-jsse-nio-8443-exec-8] o.s.p.c.CustomAuthenticationFailureHandler: Account locked - IP: 0:0:0:0:0:0:0:1, Username: a@gmail.com, Time: 2025-05-29T08:33:38.787805100
2025-05-29 08:33:45,391 INFO  [https-jsse-nio-8443-exec-1] o.s.p.c.LoginAttemptFilter: Login attempt from IP: 0:0:0:0:0:0:0:1 for username: nguyenphanminhtri612004@gmail.com at 2025-05-29T08:33:45.391654800
2025-05-29 08:33:45,393 WARN  [https-jsse-nio-8443-exec-1] o.s.p.c.LoginAttemptFilter: IP 0:0:0:0:0:0:0:1 is blocked due to too many failed attempts at 2025-05-29T08:33:45.393513200
2025-05-29 08:38:31,500 WARN  [restartedMain] o.s.b.a.o.j.JpaBaseConfiguration$JpaWebConfiguration: spring.jpa.open-in-view is enabled by default. Therefore, database queries may be performed during view rendering. Explicitly configure spring.jpa.open-in-view to disable this warning
2025-05-29 08:38:31,587 WARN  [restartedMain] o.s.s.c.a.a.c.InitializeUserDetailsBeanManagerConfigurer$InitializeUserDetailsManagerConfigurer: Global AuthenticationManager configured with an AuthenticationProvider bean. UserDetailsService beans will not be used for username/password login. Consider removing the AuthenticationProvider bean. Alternatively, consider using the UserDetailsService in a manually instantiated DaoAuthenticationProvider.
2025-05-29 08:38:45,320 INFO  [https-jsse-nio-8443-exec-7] o.s.p.c.LoginAttemptFilter: Login attempt from IP: 0:0:0:0:0:0:0:1 for username: a@gmail.com at 2025-05-29T08:38:45.320413500
2025-05-29 08:38:45,975 WARN  [https-jsse-nio-8443-exec-7] o.s.p.c.CustomAuthenticationFailureHandler: Failed login attempt - IP: 0:0:0:0:0:0:0:1, Username: a@gmail.com, Reason: User not found, Time: 2025-05-29T08:38:45.975449
2025-05-29 08:38:50,696 INFO  [https-jsse-nio-8443-exec-7] o.s.p.c.LoginAttemptFilter: Login attempt from IP: 0:0:0:0:0:0:0:1 for username: nguyenphanminhtri612004@gmail.com at 2025-05-29T08:38:50.696564100
2025-05-29 10:10:32,821 WARN  [restartedMain] o.s.b.a.o.j.JpaBaseConfiguration$JpaWebConfiguration: spring.jpa.open-in-view is enabled by default. Therefore, database queries may be performed during view rendering. Explicitly configure spring.jpa.open-in-view to disable this warning
2025-05-29 10:10:32,947 WARN  [restartedMain] o.s.s.c.a.a.c.InitializeUserDetailsBeanManagerConfigurer$InitializeUserDetailsManagerConfigurer: Global AuthenticationManager configured with an AuthenticationProvider bean. UserDetailsService beans will not be used for username/password login. Consider removing the AuthenticationProvider bean. Alternatively, consider using the UserDetailsService in a manually instantiated DaoAuthenticationProvider.
2025-05-29 10:10:44,509 ERROR [https-jsse-nio-8443-exec-10] o.a.j.l.DirectJDKLog: Servlet.service() for servlet [dispatcherServlet] in context with path [] threw exception
org.springframework.dao.DuplicateKeyException: PreparedStatementCallback; SQL [INSERT INTO SPRING_SESSION_ATTRIBUTES (SESSION_PRIMARY_ID, ATTRIBUTE_NAME, ATTRIBUTE_BYTES)
VALUES (?, ?, ?)
]; Duplicate entry '158ecb6c-94b8-4f6e-acf3-59431bfe2b1b-org.springframework.securit' for key 'SPRING_SESSION_ATTRIBUTES.PRIMARY'
	at org.springframework.jdbc.support.SQLErrorCodeSQLExceptionTranslator.doTranslate(SQLErrorCodeSQLExceptionTranslator.java:254)
	at org.springframework.jdbc.support.AbstractFallbackSQLExceptionTranslator.translate(AbstractFallbackSQLExceptionTranslator.java:107)
	at org.springframework.jdbc.core.JdbcTemplate.translateException(JdbcTemplate.java:1548)
	at org.springframework.jdbc.core.JdbcTemplate.execute(JdbcTemplate.java:677)
	at org.springframework.jdbc.core.JdbcTemplate.update(JdbcTemplate.java:970)
	at org.springframework.jdbc.core.JdbcTemplate.update(JdbcTemplate.java:1014)
	at org.springframework.session.jdbc.JdbcIndexedSessionRepository.insertSessionAttributes(JdbcIndexedSessionRepository.java:565)
	at org.springframework.session.jdbc.JdbcIndexedSessionRepository$JdbcSession.lambda$save$11(JdbcIndexedSessionRepository.java:930)
	at org.springframework.transaction.support.TransactionOperations.lambda$executeWithoutResult$0(TransactionOperations.java:68)
	at org.springframework.transaction.support.TransactionTemplate.execute(TransactionTemplate.java:140)
	at org.springframework.transaction.support.TransactionOperations.executeWithoutResult(TransactionOperations.java:67)
	at org.springframework.session.jdbc.JdbcIndexedSessionRepository$JdbcSession.save(JdbcIndexedSessionRepository.java:910)
	at org.springframework.session.jdbc.JdbcIndexedSessionRepository.save(JdbcIndexedSessionRepository.java:477)
	at org.springframework.session.jdbc.JdbcIndexedSessionRepository.save(JdbcIndexedSessionRepository.java:141)
	at org.springframework.session.web.http.SessionRepositoryFilter$SessionRepositoryRequestWrapper.commitSession(SessionRepositoryFilter.java:229)
	at org.springframework.session.web.http.SessionRepositoryFilter.doFilterInternal(SessionRepositoryFilter.java:145)
	at org.springframework.session.web.http.OncePerRequestFilter.doFilter(OncePerRequestFilter.java:82)
	at org.springframework.web.filter.DelegatingFilterProxy.invokeDelegate(DelegatingFilterProxy.java:352)
	at org.springframework.web.filter.DelegatingFilterProxy.doFilter(DelegatingFilterProxy.java:268)
	at org.apache.catalina.core.ApplicationFilterChain.internalDoFilter(ApplicationFilterChain.java:164)
	at org.apache.catalina.core.ApplicationFilterChain.doFilter(ApplicationFilterChain.java:140)
	at org.springframework.web.filter.CharacterEncodingFilter.doFilterInternal(CharacterEncodingFilter.java:201)
	at org.springframework.web.filter.OncePerRequestFilter.doFilter(OncePerRequestFilter.java:116)
	at org.apache.catalina.core.ApplicationFilterChain.internalDoFilter(ApplicationFilterChain.java:164)
	at org.apache.catalina.core.ApplicationFilterChain.doFilter(ApplicationFilterChain.java:140)
	at org.apache.catalina.core.StandardWrapperValve.invoke(StandardWrapperValve.java:167)
	at org.apache.catalina.core.StandardContextValve.invoke(StandardContextValve.java:90)
	at org.apache.catalina.authenticator.AuthenticatorBase.invoke(AuthenticatorBase.java:483)
	at org.apache.catalina.core.StandardHostValve.invoke(StandardHostValve.java:115)
	at org.apache.catalina.valves.ErrorReportValve.invoke(ErrorReportValve.java:93)
	at org.apache.catalina.core.StandardEngineValve.invoke(StandardEngineValve.java:74)
	at org.apache.catalina.connector.CoyoteAdapter.service(CoyoteAdapter.java:344)
	at org.apache.coyote.http11.Http11Processor.service(Http11Processor.java:384)
	at org.apache.coyote.AbstractProcessorLight.process(AbstractProcessorLight.java:63)
	at org.apache.coyote.AbstractProtocol$ConnectionHandler.process(AbstractProtocol.java:905)
	at org.apache.tomcat.util.net.NioEndpoint$SocketProcessor.doRun(NioEndpoint.java:1741)
	at org.apache.tomcat.util.net.SocketProcessorBase.run(SocketProcessorBase.java:52)
	at org.apache.tomcat.util.threads.ThreadPoolExecutor.runWorker(ThreadPoolExecutor.java:1190)
	at org.apache.tomcat.util.threads.ThreadPoolExecutor$Worker.run(ThreadPoolExecutor.java:659)
	at org.apache.tomcat.util.threads.TaskThread$WrappingRunnable.run(TaskThread.java:63)
	at java.base/java.lang.Thread.run(Thread.java:1575)
Caused by: java.sql.SQLIntegrityConstraintViolationException: Duplicate entry '158ecb6c-94b8-4f6e-acf3-59431bfe2b1b-org.springframework.securit' for key 'SPRING_SESSION_ATTRIBUTES.PRIMARY'
	at com.mysql.cj.jdbc.exceptions.SQLError.createSQLException(SQLError.java:118)
	at com.mysql.cj.jdbc.exceptions.SQLExceptionsMapping.translateException(SQLExceptionsMapping.java:122)
	at com.mysql.cj.jdbc.ClientPreparedStatement.executeInternal(ClientPreparedStatement.java:912)
	at com.mysql.cj.jdbc.ClientPreparedStatement.executeUpdateInternal(ClientPreparedStatement.java:1054)
	at com.mysql.cj.jdbc.ClientPreparedStatement.executeUpdateInternal(ClientPreparedStatement.java:1003)
	at com.mysql.cj.jdbc.ClientPreparedStatement.executeLargeUpdate(ClientPreparedStatement.java:1312)
	at com.mysql.cj.jdbc.ClientPreparedStatement.executeUpdate(ClientPreparedStatement.java:988)
	at com.zaxxer.hikari.pool.ProxyPreparedStatement.executeUpdate(ProxyPreparedStatement.java:61)
	at com.zaxxer.hikari.pool.HikariProxyPreparedStatement.executeUpdate(HikariProxyPreparedStatement.java)
	at org.springframework.jdbc.core.JdbcTemplate.lambda$update$2(JdbcTemplate.java:975)
	at org.springframework.jdbc.core.JdbcTemplate.execute(JdbcTemplate.java:658)
	... 37 common frames omitted
2025-05-29 10:10:44,593 ERROR [https-jsse-nio-8443-exec-10] o.a.j.l.DirectJDKLog: Servlet.service() for servlet [dispatcherServlet] threw exception
org.springframework.dao.DuplicateKeyException: PreparedStatementCallback; SQL [INSERT INTO SPRING_SESSION_ATTRIBUTES (SESSION_PRIMARY_ID, ATTRIBUTE_NAME, ATTRIBUTE_BYTES)
VALUES (?, ?, ?)
]; Duplicate entry '158ecb6c-94b8-4f6e-acf3-59431bfe2b1b-org.springframework.securit' for key 'SPRING_SESSION_ATTRIBUTES.PRIMARY'
	at org.springframework.jdbc.support.SQLErrorCodeSQLExceptionTranslator.doTranslate(SQLErrorCodeSQLExceptionTranslator.java:254)
	at org.springframework.jdbc.support.AbstractFallbackSQLExceptionTranslator.translate(AbstractFallbackSQLExceptionTranslator.java:107)
	at org.springframework.jdbc.core.JdbcTemplate.translateException(JdbcTemplate.java:1548)
	at org.springframework.jdbc.core.JdbcTemplate.execute(JdbcTemplate.java:677)
	at org.springframework.jdbc.core.JdbcTemplate.update(JdbcTemplate.java:970)
	at org.springframework.jdbc.core.JdbcTemplate.update(JdbcTemplate.java:1014)
	at org.springframework.session.jdbc.JdbcIndexedSessionRepository.insertSessionAttributes(JdbcIndexedSessionRepository.java:565)
	at org.springframework.session.jdbc.JdbcIndexedSessionRepository$JdbcSession.lambda$save$11(JdbcIndexedSessionRepository.java:930)
	at org.springframework.transaction.support.TransactionOperations.lambda$executeWithoutResult$0(TransactionOperations.java:68)
	at org.springframework.transaction.support.TransactionTemplate.execute(TransactionTemplate.java:140)
	at org.springframework.transaction.support.TransactionOperations.executeWithoutResult(TransactionOperations.java:67)
	at org.springframework.session.jdbc.JdbcIndexedSessionRepository$JdbcSession.save(JdbcIndexedSessionRepository.java:910)
	at org.springframework.session.jdbc.JdbcIndexedSessionRepository.save(JdbcIndexedSessionRepository.java:477)
	at org.springframework.session.jdbc.JdbcIndexedSessionRepository.save(JdbcIndexedSessionRepository.java:141)
	at org.springframework.session.web.http.SessionRepositoryFilter$SessionRepositoryRequestWrapper.commitSession(SessionRepositoryFilter.java:229)
	at org.springframework.session.web.http.SessionRepositoryFilter.doFilterInternal(SessionRepositoryFilter.java:145)
	at org.springframework.session.web.http.OncePerRequestFilter.doFilter(OncePerRequestFilter.java:82)
	at org.springframework.web.filter.DelegatingFilterProxy.invokeDelegate(DelegatingFilterProxy.java:352)
	at org.springframework.web.filter.DelegatingFilterProxy.doFilter(DelegatingFilterProxy.java:268)
	at org.apache.catalina.core.ApplicationFilterChain.internalDoFilter(ApplicationFilterChain.java:164)
	at org.apache.catalina.core.ApplicationFilterChain.doFilter(ApplicationFilterChain.java:140)
	at org.springframework.web.filter.OncePerRequestFilter.doFilter(OncePerRequestFilter.java:101)
	at org.apache.catalina.core.ApplicationFilterChain.internalDoFilter(ApplicationFilterChain.java:164)
	at org.apache.catalina.core.ApplicationFilterChain.doFilter(ApplicationFilterChain.java:140)
	at org.apache.catalina.core.ApplicationDispatcher.invoke(ApplicationDispatcher.java:632)
	at org.apache.catalina.core.ApplicationDispatcher.processRequest(ApplicationDispatcher.java:410)
	at org.apache.catalina.core.ApplicationDispatcher.doForward(ApplicationDispatcher.java:330)
	at org.apache.catalina.core.ApplicationDispatcher.forward(ApplicationDispatcher.java:267)
	at org.apache.catalina.core.StandardHostValve.custom(StandardHostValve.java:362)
	at org.apache.catalina.core.StandardHostValve.status(StandardHostValve.java:222)
	at org.apache.catalina.core.StandardHostValve.throwable(StandardHostValve.java:308)
	at org.apache.catalina.core.StandardHostValve.invoke(StandardHostValve.java:149)
	at org.apache.catalina.valves.ErrorReportValve.invoke(ErrorReportValve.java:93)
	at org.apache.catalina.core.StandardEngineValve.invoke(StandardEngineValve.java:74)
	at org.apache.catalina.connector.CoyoteAdapter.service(CoyoteAdapter.java:344)
	at org.apache.coyote.http11.Http11Processor.service(Http11Processor.java:384)
	at org.apache.coyote.AbstractProcessorLight.process(AbstractProcessorLight.java:63)
	at org.apache.coyote.AbstractProtocol$ConnectionHandler.process(AbstractProtocol.java:905)
	at org.apache.tomcat.util.net.NioEndpoint$SocketProcessor.doRun(NioEndpoint.java:1741)
	at org.apache.tomcat.util.net.SocketProcessorBase.run(SocketProcessorBase.java:52)
	at org.apache.tomcat.util.threads.ThreadPoolExecutor.runWorker(ThreadPoolExecutor.java:1190)
	at org.apache.tomcat.util.threads.ThreadPoolExecutor$Worker.run(ThreadPoolExecutor.java:659)
	at org.apache.tomcat.util.threads.TaskThread$WrappingRunnable.run(TaskThread.java:63)
	at java.base/java.lang.Thread.run(Thread.java:1575)
Caused by: java.sql.SQLIntegrityConstraintViolationException: Duplicate entry '158ecb6c-94b8-4f6e-acf3-59431bfe2b1b-org.springframework.securit' for key 'SPRING_SESSION_ATTRIBUTES.PRIMARY'
	at com.mysql.cj.jdbc.exceptions.SQLError.createSQLException(SQLError.java:118)
	at com.mysql.cj.jdbc.exceptions.SQLExceptionsMapping.translateException(SQLExceptionsMapping.java:122)
	at com.mysql.cj.jdbc.ClientPreparedStatement.executeInternal(ClientPreparedStatement.java:912)
	at com.mysql.cj.jdbc.ClientPreparedStatement.executeUpdateInternal(ClientPreparedStatement.java:1054)
	at com.mysql.cj.jdbc.ClientPreparedStatement.executeUpdateInternal(ClientPreparedStatement.java:1003)
	at com.mysql.cj.jdbc.ClientPreparedStatement.executeLargeUpdate(ClientPreparedStatement.java:1312)
	at com.mysql.cj.jdbc.ClientPreparedStatement.executeUpdate(ClientPreparedStatement.java:988)
	at com.zaxxer.hikari.pool.ProxyPreparedStatement.executeUpdate(ProxyPreparedStatement.java:61)
	at com.zaxxer.hikari.pool.HikariProxyPreparedStatement.executeUpdate(HikariProxyPreparedStatement.java)
	at org.springframework.jdbc.core.JdbcTemplate.lambda$update$2(JdbcTemplate.java:975)
	at org.springframework.jdbc.core.JdbcTemplate.execute(JdbcTemplate.java:658)
	... 40 common frames omitted
2025-05-29 10:10:44,595 ERROR [https-jsse-nio-8443-exec-10] o.a.j.l.DirectJDKLog: Exception Processing [ErrorPage[errorCode=0, location=/error]]
org.springframework.dao.DuplicateKeyException: PreparedStatementCallback; SQL [INSERT INTO SPRING_SESSION_ATTRIBUTES (SESSION_PRIMARY_ID, ATTRIBUTE_NAME, ATTRIBUTE_BYTES)
VALUES (?, ?, ?)
]; Duplicate entry '158ecb6c-94b8-4f6e-acf3-59431bfe2b1b-org.springframework.securit' for key 'SPRING_SESSION_ATTRIBUTES.PRIMARY'
	at org.springframework.jdbc.support.SQLErrorCodeSQLExceptionTranslator.doTranslate(SQLErrorCodeSQLExceptionTranslator.java:254)
	at org.springframework.jdbc.support.AbstractFallbackSQLExceptionTranslator.translate(AbstractFallbackSQLExceptionTranslator.java:107)
	at org.springframework.jdbc.core.JdbcTemplate.translateException(JdbcTemplate.java:1548)
	at org.springframework.jdbc.core.JdbcTemplate.execute(JdbcTemplate.java:677)
	at org.springframework.jdbc.core.JdbcTemplate.update(JdbcTemplate.java:970)
	at org.springframework.jdbc.core.JdbcTemplate.update(JdbcTemplate.java:1014)
	at org.springframework.session.jdbc.JdbcIndexedSessionRepository.insertSessionAttributes(JdbcIndexedSessionRepository.java:565)
	at org.springframework.session.jdbc.JdbcIndexedSessionRepository$JdbcSession.lambda$save$11(JdbcIndexedSessionRepository.java:930)
	at org.springframework.transaction.support.TransactionOperations.lambda$executeWithoutResult$0(TransactionOperations.java:68)
	at org.springframework.transaction.support.TransactionTemplate.execute(TransactionTemplate.java:140)
	at org.springframework.transaction.support.TransactionOperations.executeWithoutResult(TransactionOperations.java:67)
	at org.springframework.session.jdbc.JdbcIndexedSessionRepository$JdbcSession.save(JdbcIndexedSessionRepository.java:910)
	at org.springframework.session.jdbc.JdbcIndexedSessionRepository.save(JdbcIndexedSessionRepository.java:477)
	at org.springframework.session.jdbc.JdbcIndexedSessionRepository.save(JdbcIndexedSessionRepository.java:141)
	at org.springframework.session.web.http.SessionRepositoryFilter$SessionRepositoryRequestWrapper.commitSession(SessionRepositoryFilter.java:229)
	at org.springframework.session.web.http.SessionRepositoryFilter.doFilterInternal(SessionRepositoryFilter.java:145)
	at org.springframework.session.web.http.OncePerRequestFilter.doFilter(OncePerRequestFilter.java:82)
	at org.springframework.web.filter.DelegatingFilterProxy.invokeDelegate(DelegatingFilterProxy.java:352)
	at org.springframework.web.filter.DelegatingFilterProxy.doFilter(DelegatingFilterProxy.java:268)
	at org.apache.catalina.core.ApplicationFilterChain.internalDoFilter(ApplicationFilterChain.java:164)
	at org.apache.catalina.core.ApplicationFilterChain.doFilter(ApplicationFilterChain.java:140)
	at org.springframework.web.filter.OncePerRequestFilter.doFilter(OncePerRequestFilter.java:101)
	at org.apache.catalina.core.ApplicationFilterChain.internalDoFilter(ApplicationFilterChain.java:164)
	at org.apache.catalina.core.ApplicationFilterChain.doFilter(ApplicationFilterChain.java:140)
	at org.apache.catalina.core.ApplicationDispatcher.invoke(ApplicationDispatcher.java:632)
	at org.apache.catalina.core.ApplicationDispatcher.processRequest(ApplicationDispatcher.java:410)
	at org.apache.catalina.core.ApplicationDispatcher.doForward(ApplicationDispatcher.java:330)
	at org.apache.catalina.core.ApplicationDispatcher.forward(ApplicationDispatcher.java:267)
	at org.apache.catalina.core.StandardHostValve.custom(StandardHostValve.java:362)
	at org.apache.catalina.core.StandardHostValve.status(StandardHostValve.java:222)
	at org.apache.catalina.core.StandardHostValve.throwable(StandardHostValve.java:308)
	at org.apache.catalina.core.StandardHostValve.invoke(StandardHostValve.java:149)
	at org.apache.catalina.valves.ErrorReportValve.invoke(ErrorReportValve.java:93)
	at org.apache.catalina.core.StandardEngineValve.invoke(StandardEngineValve.java:74)
	at org.apache.catalina.connector.CoyoteAdapter.service(CoyoteAdapter.java:344)
	at org.apache.coyote.http11.Http11Processor.service(Http11Processor.java:384)
	at org.apache.coyote.AbstractProcessorLight.process(AbstractProcessorLight.java:63)
	at org.apache.coyote.AbstractProtocol$ConnectionHandler.process(AbstractProtocol.java:905)
	at org.apache.tomcat.util.net.NioEndpoint$SocketProcessor.doRun(NioEndpoint.java:1741)
	at org.apache.tomcat.util.net.SocketProcessorBase.run(SocketProcessorBase.java:52)
	at org.apache.tomcat.util.threads.ThreadPoolExecutor.runWorker(ThreadPoolExecutor.java:1190)
	at org.apache.tomcat.util.threads.ThreadPoolExecutor$Worker.run(ThreadPoolExecutor.java:659)
	at org.apache.tomcat.util.threads.TaskThread$WrappingRunnable.run(TaskThread.java:63)
	at java.base/java.lang.Thread.run(Thread.java:1575)
Caused by: java.sql.SQLIntegrityConstraintViolationException: Duplicate entry '158ecb6c-94b8-4f6e-acf3-59431bfe2b1b-org.springframework.securit' for key 'SPRING_SESSION_ATTRIBUTES.PRIMARY'
	at com.mysql.cj.jdbc.exceptions.SQLError.createSQLException(SQLError.java:118)
	at com.mysql.cj.jdbc.exceptions.SQLExceptionsMapping.translateException(SQLExceptionsMapping.java:122)
	at com.mysql.cj.jdbc.ClientPreparedStatement.executeInternal(ClientPreparedStatement.java:912)
	at com.mysql.cj.jdbc.ClientPreparedStatement.executeUpdateInternal(ClientPreparedStatement.java:1054)
	at com.mysql.cj.jdbc.ClientPreparedStatement.executeUpdateInternal(ClientPreparedStatement.java:1003)
	at com.mysql.cj.jdbc.ClientPreparedStatement.executeLargeUpdate(ClientPreparedStatement.java:1312)
	at com.mysql.cj.jdbc.ClientPreparedStatement.executeUpdate(ClientPreparedStatement.java:988)
	at com.zaxxer.hikari.pool.ProxyPreparedStatement.executeUpdate(ProxyPreparedStatement.java:61)
	at com.zaxxer.hikari.pool.HikariProxyPreparedStatement.executeUpdate(HikariProxyPreparedStatement.java)
	at org.springframework.jdbc.core.JdbcTemplate.lambda$update$2(JdbcTemplate.java:975)
	at org.springframework.jdbc.core.JdbcTemplate.execute(JdbcTemplate.java:658)
	... 40 common frames omitted
2025-05-29 11:04:29,909 WARN  [restartedMain] o.s.b.a.o.j.JpaBaseConfiguration$JpaWebConfiguration: spring.jpa.open-in-view is enabled by default. Therefore, database queries may be performed during view rendering. Explicitly configure spring.jpa.open-in-view to disable this warning
2025-05-29 11:04:29,949 WARN  [restartedMain] o.s.s.c.a.a.c.InitializeUserDetailsBeanManagerConfigurer$InitializeUserDetailsManagerConfigurer: Global AuthenticationManager configured with an AuthenticationProvider bean. UserDetailsService beans will not be used for username/password login. Consider removing the AuthenticationProvider bean. Alternatively, consider using the UserDetailsService in a manually instantiated DaoAuthenticationProvider.
